// Jest Snapshot v1, https://goo.gl/fbAQLP

exports[`Human should default render 1`] = `
<View
  style={
    Object {
      "alignItems": "center",
      "backgroundColor": "#9AC0CD",
      "flex": 1,
      "height": "100%",
    }
  }
>
  <FormLabel
    fontFamily="poppins-regular"
    labelStyle={
      Object {
        "color": "#FAFAFA",
        "fontFamily": "poppins-regular",
        "fontSize": 20,
      }
    }
  />
  <FormLabel
    fontFamily="poppins-regular"
    labelStyle={
      Object {
        "color": "#FAFAFA",
        "fontFamily": "poppins-regular",
        "fontSize": 16,
        "paddingBottom": 30,
      }
    }
  />
  <FormLabel
    fontFamily="poppins-regular"
    labelStyle={
      Object {
        "color": "#FAFAFA",
        "fontSize": 16,
      }
    }
  >
    HOURLY RATE
  </FormLabel>
  <FormInput
    defaultValue="0.00"
    inputStyle={
      Object {
        "color": "#FAFAFA",
        "fontSize": 40,
        "textAlign": "center",
        "width": "50%",
      }
    }
    keyboardType="numeric"
    labelStyle={
      Object {
        "color": "#FAFAFA",
        "fontSize": 16,
      }
    }
    normalizeFontSize={true}
    onChangeText={[Function]}
  />
  <Button
    buttonStyle={
      Object {
        "backgroundColor": "#9AC0CD",
        "borderColor": "#FAFAFA",
        "borderRadius": 10,
        "borderWidth": 1,
        "marginTop": 20,
        "width": "100%",
      }
    }
    onPress={[Function]}
    textStyle={
      Object {
        "color": "#FAFAFA",
        "fontFamily": "poppins-medium",
        "fontSize": 15,
        "fontWeight": "700",
        "textAlign": "center",
      }
    }
    title="SIGN OUT"
  />
</View>
`;
