// Jest Snapshot v1, https://goo.gl/fbAQLP

exports[`RatingPieChart should render 1`] = `
<TouchableOpacity
  activeOpacity={0.2}
  onPress={[Function]}
  style={
    Object {
      "width": "95%",
    }
  }
>
  <View
    style={
      Object {
        "backgroundColor": "white",
        "height": 200,
        "justifyContent": "center",
        "marginTop": 20,
        "shadowColor": "#9AC0CD",
        "shadowOffset": Object {
          "height": 0,
          "width": 0,
        },
        "shadowOpacity": 0.5,
        "shadowRadius": 5,
        "width": "100%",
      }
    }
  >
    <View
      style={
        Object {
          "height": 40,
        }
      }
    >
      <Text
        accessible={true}
        allowFontScaling={true}
        ellipsizeMode="tail"
        style={
          Object {
            "color": "black",
            "fontFamily": "poppins-regular",
            "paddingLeft": 10,
            "paddingTop": 10,
            "textAlign": "left",
          }
        }
      >
        POOPS BY RATING
      </Text>
    </View>
    <View
      style={
        Object {
          "flex": 2,
          "flexDirection": "row",
          "justifyContent": "space-between",
        }
      }
    >
      <View
        style={
          Object {
            "flex": 2,
          }
        }
      >
        <PieChart
          data={
            Array [
              Object {
                "key": "#a1887f",
                "svg": Object {
                  "fill": "#a1887f",
                },
                "value": 1,
              },
              Object {
                "key": "#8d6e63",
                "svg": Object {
                  "fill": "#8d6e63",
                },
                "value": 2,
              },
              Object {
                "key": "#4e342e",
                "svg": Object {
                  "fill": "#4e342e",
                },
                "value": 2,
              },
            ]
          }
          height={100}
          innerRadius={10}
          outerRadius="95%"
          padAngle={0.05}
          renderDecorator={[Function]}
          sort={[Function]}
          spacing={0}
          style={
            Object {
              "height": 150,
            }
          }
          valueAccessor={[Function]}
          width={100}
        />
      </View>
      <View
        style={
          Object {
            "flex": 1,
            "height": "50%",
          }
        }
      >
        <View
          style={
            Object {
              "alignItems": "center",
              "flex": 1,
              "flexDirection": "row",
            }
          }
        >
          <View
            style={
              Object {
                "backgroundColor": "#d7ccc8",
                "height": 10,
                "width": 20,
              }
            }
          />
          <Text
            accessible={true}
            allowFontScaling={true}
            ellipsizeMode="tail"
            style={
              Object {
                "paddingLeft": 10,
              }
            }
          >
            1
          </Text>
        </View>
        <View
          style={
            Object {
              "alignItems": "center",
              "flex": 1,
              "flexDirection": "row",
            }
          }
        >
          <View
            style={
              Object {
                "backgroundColor": "#a1887f",
                "height": 10,
                "width": 20,
              }
            }
          />
          <Text
            accessible={true}
            allowFontScaling={true}
            ellipsizeMode="tail"
            style={
              Object {
                "paddingLeft": 10,
              }
            }
          >
            2
          </Text>
        </View>
        <View
          style={
            Object {
              "alignItems": "center",
              "flex": 1,
              "flexDirection": "row",
            }
          }
        >
          <View
            style={
              Object {
                "backgroundColor": "#8d6e63",
                "height": 10,
                "width": 20,
              }
            }
          />
          <Text
            accessible={true}
            allowFontScaling={true}
            ellipsizeMode="tail"
            style={
              Object {
                "paddingLeft": 10,
              }
            }
          >
            3
          </Text>
        </View>
        <View
          style={
            Object {
              "alignItems": "center",
              "flex": 1,
              "flexDirection": "row",
            }
          }
        >
          <View
            style={
              Object {
                "backgroundColor": "#6d4c41",
                "height": 10,
                "width": 20,
              }
            }
          />
          <Text
            accessible={true}
            allowFontScaling={true}
            ellipsizeMode="tail"
            style={
              Object {
                "paddingLeft": 10,
              }
            }
          >
            4
          </Text>
        </View>
        <View
          style={
            Object {
              "alignItems": "center",
              "flex": 1,
              "flexDirection": "row",
            }
          }
        >
          <View
            style={
              Object {
                "backgroundColor": "#4e342e",
                "height": 10,
                "width": 20,
              }
            }
          />
          <Text
            accessible={true}
            allowFontScaling={true}
            ellipsizeMode="tail"
            style={
              Object {
                "paddingLeft": 10,
              }
            }
          >
            5
          </Text>
        </View>
      </View>
    </View>
  </View>
</TouchableOpacity>
`;
